Unhandled exception. System.ObjectDisposedException: Cannot access a disposed object.
Object name: 'Grpc.Net.Client.Internal.GrpcCall`2[[WeavePort.Sdk.Gateway.Protocol.Request, WeavePort.Sdk.Gateway.Client, Version=0.8.0.0, Culture=neutral, PublicKeyToken=null],[WeavePort.Sdk.Gateway.Protocol.Reply, WeavePort.Sdk.Gateway.Client, Version=0.8.0.0, Culture=neutral, PublicKeyToken=null]]'.
   at Grpc.Shared.ObjectDisposedThrowHelper.ThrowIf(Boolean condition, Type type)
   at Grpc.Net.Client.Internal.GrpcCall`2.EnsureNotDisposed()
   at Grpc.Net.Client.Internal.HttpContentClientStreamReader`2.MoveNext(CancellationToken cancellationToken)
   at WeavePort.Sdk.Gateway.RemotePluginClient.ReadAsync(AsyncDuplexStreamingCall`2 session, CancellationToken token) in /Users/runner/work/WeavePort/WeavePort/artifacts/candidates/20260924-134858-a1bb0ae5/checkout/src/WeavePort.Sdk.Gateway.Client/Remote/RemotePluginClient.cs:line 107
   at WeavePort.Sdk.Gateway.RemotePluginClient.ReadStreamReplyAsync(AsyncDuplexStreamingCall`2 session, CancellationToken token) in /Users/runner/work/WeavePort/WeavePort/artifacts/candidates/20260924-134858-a1bb0ae5/checkout/src/WeavePort.Sdk.Gateway.Client/Remote/RemotePluginClient.Deadlines.cs:line 25
   at WeavePort.Sdk.Gateway.RemotePluginClient.ReadSourceAsync(String operation, JsonElement input, Int32 chunkBytes, CancellationToken cancellationToken)+MoveNext() in /Users/runner/work/WeavePort/WeavePort/artifacts/candidates/20260924-134858-a1bb0ae5/checkout/src/WeavePort.Sdk.Gateway.Client/Remote/RemotePluginClient.Source.cs:line 41
   at WeavePort.Sdk.Gateway.RemotePluginClient.ReadSourceAsync(String operation, JsonElement input, Int32 chunkBytes, CancellationToken cancellationToken)+MoveNext() in /Users/runner/work/WeavePort/WeavePort/artifacts/candidates/20260924-134858-a1bb0ae5/checkout/src/WeavePort.Sdk.Gateway.Client/Remote/RemotePluginClient.Source.cs:line 69
   at WeavePort.Sdk.Gateway.RemotePluginClient.ReadSourceAsync(String operation, JsonElement input, Int32 chunkBytes, CancellationToken cancellationToken)+MoveNext() in /Users/runner/work/WeavePort/WeavePort/artifacts/candidates/20260924-134858-a1bb0ae5/checkout/src/WeavePort.Sdk.Gateway.Client/Remote/RemotePluginClient.Source.cs:line 69
   at WeavePort.Sdk.Gateway.RemotePluginClient.ReadSourceAsync(String operation, JsonElement input, Int32 chunkBytes, CancellationToken cancellationToken)+System.Threading.Tasks.Sources.IValueTaskSource<System.Boolean>.GetResult()
   at WeavePort.Composition.Composition.<>c__DisplayClass2_0.<<CollectAsync>b__0>d.MoveNext() in /Users/runner/work/WeavePort/WeavePort/artifacts/candidates/20260924-134858-a1bb0ae5/checkout/src/WeavePort.Composition/Composition.cs:line 30
--- End of stack trace from previous location ---
   at WeavePort.Composition.Composition.<>c__DisplayClass2_0.<<CollectAsync>b__0>d.MoveNext() in /Users/runner/work/WeavePort/WeavePort/artifacts/candidates/20260924-134858-a1bb0ae5/checkout/src/WeavePort.Composition/Composition.cs:line 30
--- End of stack trace from previous location ---
   at WeavePort.Composition.ResultScope.CreateAsync(Func`3 producer, CancellationToken cancellationToken) in /Users/runner/work/WeavePort/WeavePort/artifacts/candidates/20260924-134858-a1bb0ae5/checkout/src/WeavePort.Composition/ResultScope.cs:line 140
   at WeavePort.Composition.ResultScope.CreateAsync(Func`3 producer, CancellationToken cancellationToken) in /Users/runner/work/WeavePort/WeavePort/artifacts/candidates/20260924-134858-a1bb0ae5/checkout/src/WeavePort.Composition/ResultScope.cs:line 147
   at WeavePort.Composition.Composition.CollectAsync(ResultScope scope, IBoundPluginClient client, String operation, JsonElement input, Int32 chunkBytes, CancellationToken cancellationToken) in /Users/runner/work/WeavePort/WeavePort/artifacts/candidates/20260924-134858-a1bb0ae5/checkout/src/WeavePort.Composition/Composition.cs:line 28
   at CollectionChecks.VerifyCancellationAsync(String root, IBoundPluginClient client) in /Users/runner/work/WeavePort/WeavePort/artifacts/candidates/20260924-134858-a1bb0ae5/checkout/tests/WeavePort.ConcurrentSdkTests/CollectionChecks.cs:line 156
   at CollectionChecks.VerifyCancellationAsync(String root, IBoundPluginClient client) in /Users/runner/work/WeavePort/WeavePort/artifacts/candidates/20260924-134858-a1bb0ae5/checkout/tests/WeavePort.ConcurrentSdkTests/CollectionChecks.cs:line 164
   at CollectionChecks.VerifyBindingAsync(String root, String repositoryRoot, String language, Boolean remote) in /Users/runner/work/WeavePort/WeavePort/artifacts/candidates/20260924-134858-a1bb0ae5/checkout/tests/WeavePort.ConcurrentSdkTests/CollectionChecks.cs:line 83
   at CollectionChecks.VerifyBindingAsync(String root, String repositoryRoot, String language, Boolean remote) in /Users/runner/work/WeavePort/WeavePort/artifacts/candidates/20260924-134858-a1bb0ae5/checkout/tests/WeavePort.ConcurrentSdkTests/CollectionChecks.cs:line 92
   at CollectionChecks.VerifyBindingAsync(String root, String repositoryRoot, String language, Boolean remote) in /Users/runner/work/WeavePort/WeavePort/artifacts/candidates/20260924-134858-a1bb0ae5/checkout/tests/WeavePort.ConcurrentSdkTests/CollectionChecks.cs:line 92
   at CollectionChecks.VerifyBindingAsync(String root, String repositoryRoot, String language, Boolean remote) in /Users/runner/work/WeavePort/WeavePort/artifacts/candidates/20260924-134858-a1bb0ae5/checkout/tests/WeavePort.ConcurrentSdkTests/CollectionChecks.cs:line 92
   at CollectionChecks.VerifyBindingAsync(String root, String repositoryRoot, String language, Boolean remote) in /Users/runner/work/WeavePort/WeavePort/artifacts/candidates/20260924-134858-a1bb0ae5/checkout/tests/WeavePort.ConcurrentSdkTests/CollectionChecks.cs:line 92
   at CollectionChecks.RunAsync(String[] args) in /Users/runner/work/WeavePort/WeavePort/artifacts/candidates/20260924-134858-a1bb0ae5/checkout/tests/WeavePort.ConcurrentSdkTests/CollectionChecks.cs:line 34
   at Program.<Main>$(String[] args) in /Users/runner/work/WeavePort/WeavePort/artifacts/candidates/20260924-134858-a1bb0ae5/checkout/tests/WeavePort.ConcurrentSdkTests/Program.cs:line 30
   at Program.<Main>(String[] args)
